// Jest Snapshot v1, https://goo.gl/fbAQLP

exports[`Nav should match the snapshot 1`] = `
ShallowWrapper {
  "length": 1,
  Symbol(enzyme.__root__): [Circular],
  Symbol(enzyme.__unrendered__): <Nav
    displayFavorites={[Function]}
    favorites={
        Array [
            Object {
              "class": "people-card",
              "data": Object {
                "homeworld": "Tatooine",
                "language": "Galactic Basic",
                "population": "200000",
                "species": "Human",
              },
              "name": "Luke Skywalker",
            },
          ]
    }
    fetchCards={[Function]}
/>,
  Symbol(enzyme.__renderer__): Object {
    "batchedUpdates": [Function],
    "getNode": [Function],
    "render": [Function],
    "simulateEvent": [Function],
    "unmount": [Function],
  },
  Symbol(enzyme.__node__): Object {
    "instance": null,
    "key": undefined,
    "nodeType": "host",
    "props": Object {
      "children": Array [
        <button
          className="people-button"
          onClick={[Function]}
>
          <Icon
                    fill="currentColor"
                    icon={
                              Object {
                                        "children": Array [
                                          Object {
                                            "attribs": Object {
                                              "d": "M9 11.041v-0.825c1.102-0.621 2-2.168 2-3.716 0-2.485 0-4.5-3-4.5s-3 2.015-3 4.5c0 1.548 0.898 3.095 2 3.716v0.825c-3.392 0.277-6 1.944-6 3.959h14c0-2.015-2.608-3.682-6-3.959z",
                                              "fill": "#000000",
                                            },
                                            "name": "path",
                                          },
                                        ],
                                        "viewBox": "0 0 16 16",
                                      }
                    }
                    size={20}
          />
           People
</button>,
        <button
          className="planets-button"
          onClick={[Function]}
>
          <Icon
                    fill="currentColor"
                    icon={
                              Object {
                                        "children": Array [
                                          Object {
                                            "attribs": Object {
                                              "d": "M10,0.4c-5.295,0-9.601,4.307-9.601,9.6c0,5.293,4.306,9.6,9.601,9.6c5.293,0,9.6-4.307,9.6-9.6
                              	C19.6,4.707,15.293,0.4,10,0.4z M18.188,10c0,1.873-0.636,3.6-1.696,4.98c-0.3-0.234-0.619-0.867-0.319-1.523
                              	c0.303-0.66,0.382-2.188,0.312-2.783c-0.066-0.594-0.375-2.025-1.214-2.039c-0.838-0.012-1.413-0.289-1.911-1.283
                              	c-1.033-2.068,1.939-2.465,0.906-3.609c-0.289-0.322-1.783,1.322-2.002-0.869C12.25,2.717,12.399,2.482,12.6,2.238
                              	C15.844,3.328,18.188,6.395,18.188,10z M8.875,1.893C8.679,2.275,8.162,2.43,7.848,2.717C7.164,3.336,6.87,3.25,6.502,3.844
                              	C6.131,4.438,4.935,5.293,4.935,5.723s0.604,0.936,0.906,0.838c0.302-0.1,1.099-0.094,1.567,0.07
                              	c0.469,0.166,3.914,0.332,2.816,3.244c-0.348,0.926-1.873,0.77-2.279,2.303c-0.061,0.225-0.272,1.186-0.285,1.5
                              	c-0.025,0.486,0.344,2.318-0.125,2.318c-0.471,0-1.738-1.639-1.738-1.936c0-0.297-0.328-1.338-0.328-2.23
                              	c0-0.891-1.518-0.877-1.518-2.062c0-1.068,0.823-1.6,0.638-2.113c-0.181-0.51-1.627-0.527-2.23-0.59
                              	C3.412,4.334,5.889,2.307,8.875,1.893z M7.424,17.77c0.492-0.26,0.542-0.596,0.988-0.613c0.51-0.023,0.925-0.199,1.5-0.326
                              	c0.51-0.111,1.423-0.629,2.226-0.695c0.678-0.055,2.015,0.035,2.375,0.689c-1.295,0.861-2.848,1.363-4.514,1.363
                              	C9.1,18.188,8.234,18.039,7.424,17.77z",
                                            },
                                            "name": "path",
                                          },
                                        ],
                                        "viewBox": "0 0 20 20",
                                      }
                    }
                    size={20}
          />
           Planets
</button>,
        <button
          className="vehicles-button"
          onClick={[Function]}
>
          <Icon
                    fill="currentColor"
                    icon={
                              Object {
                                        "children": Array [
                                          Object {
                                            "attribs": Object {
                                              "d": "M12.496,17.414c-0.394-1.096-1.805-4.775-2.39-6.297c-1.103,0.737-2.334,1.435-3.512,1.928
                              	c-0.366,1.28-1.094,3.709-1.446,4.033c-0.604,0.557-0.832,0.485-0.925-0.279c-0.093-0.764-0.485-3.236-0.485-3.236
                              	s-2.162-1.219-2.84-1.568s-0.667-0.591,0.057-0.974c0.422-0.223,2.927-0.085,4.242,0.005c0.861-0.951,1.931-1.882,2.993-2.679
                              	C6.975,7.271,4.04,4.672,3.156,3.923C2.38,3.265,3.235,3.126,3.235,3.126c0.39-0.07,1.222-0.132,1.628-0.009
                              	c2.524,0.763,6.442,2.068,7.363,2.376c0.353-0.249,0.737-0.52,1.162-0.821c4.702-3.33,5.887-2.593,6.111-2.27
                              	s0.503,1.701-4.199,5.032c-0.425,0.301-0.808,0.573-1.16,0.823c-0.029,0.98-0.157,5.151-0.311,7.811
                              	c-0.025,0.428-0.367,1.198-0.565,1.544C13.263,17.612,12.841,18.377,12.496,17.414z",
                                            },
                                            "name": "path",
                                          },
                                        ],
                                        "viewBox": "0 0 20 20",
                                      }
                    }
                    size={20}
          />
           Vehicles
</button>,
        <button
          className="favorites-button"
          onClick={[Function]}
>
          <Icon
                    fill="currentColor"
                    icon={
                              Object {
                                        "children": Array [
                                          Object {
                                            "attribs": Object {
                                              "d": "M16 6.204l-5.528-0.803-2.472-5.009-2.472 5.009-5.528 0.803 4 3.899-0.944 5.505 4.944-2.599 4.944 2.599-0.944-5.505 4-3.899z",
                                              "fill": "#000000",
                                            },
                                            "name": "path",
                                          },
                                        ],
                                        "viewBox": "0 0 16 16",
                                      }
                    }
                    size={20}
          />
           Favorites 
          <span
                    className="favorites-number"
          >
                    1
          </span>
</button>,
      ],
      "className": "nav",
    },
    "ref": null,
    "rendered": Array [
      Object {
        "instance": null,
        "key": undefined,
        "nodeType": "host",
        "props": Object {
          "children": Array [
            <Icon
              fill="currentColor"
              icon={
                            Object {
                                          "children": Array [
                                            Object {
                                              "attribs": Object {
                                                "d": "M9 11.041v-0.825c1.102-0.621 2-2.168 2-3.716 0-2.485 0-4.5-3-4.5s-3 2.015-3 4.5c0 1.548 0.898 3.095 2 3.716v0.825c-3.392 0.277-6 1.944-6 3.959h14c0-2.015-2.608-3.682-6-3.959z",
                                                "fill": "#000000",
                                              },
                                              "name": "path",
                                            },
                                          ],
                                          "viewBox": "0 0 16 16",
                                        }
              }
              size={20}
/>,
            " People",
          ],
          "className": "people-button",
          "onClick": [Function],
        },
        "ref": null,
        "rendered": Array [
          Object {
            "instance": null,
            "key": undefined,
            "nodeType": "function",
            "props": Object {
              "fill": "currentColor",
              "icon": Object {
                "children": Array [
                  Object {
                    "attribs": Object {
                      "d": "M9 11.041v-0.825c1.102-0.621 2-2.168 2-3.716 0-2.485 0-4.5-3-4.5s-3 2.015-3 4.5c0 1.548 0.898 3.095 2 3.716v0.825c-3.392 0.277-6 1.944-6 3.959h14c0-2.015-2.608-3.682-6-3.959z",
                      "fill": "#000000",
                    },
                    "name": "path",
                  },
                ],
                "viewBox": "0 0 16 16",
              },
              "size": 20,
            },
            "ref": null,
            "rendered": null,
            "type": [Function],
          },
          " People",
        ],
        "type": "button",
      },
      Object {
        "instance": null,
        "key": undefined,
        "nodeType": "host",
        "props": Object {
          "children": Array [
            <Icon
              fill="currentColor"
              icon={
                            Object {
                                          "children": Array [
                                            Object {
                                              "attribs": Object {
                                                "d": "M10,0.4c-5.295,0-9.601,4.307-9.601,9.6c0,5.293,4.306,9.6,9.601,9.6c5.293,0,9.6-4.307,9.6-9.6
                            	C19.6,4.707,15.293,0.4,10,0.4z M18.188,10c0,1.873-0.636,3.6-1.696,4.98c-0.3-0.234-0.619-0.867-0.319-1.523
                            	c0.303-0.66,0.382-2.188,0.312-2.783c-0.066-0.594-0.375-2.025-1.214-2.039c-0.838-0.012-1.413-0.289-1.911-1.283
                            	c-1.033-2.068,1.939-2.465,0.906-3.609c-0.289-0.322-1.783,1.322-2.002-0.869C12.25,2.717,12.399,2.482,12.6,2.238
                            	C15.844,3.328,18.188,6.395,18.188,10z M8.875,1.893C8.679,2.275,8.162,2.43,7.848,2.717C7.164,3.336,6.87,3.25,6.502,3.844
                            	C6.131,4.438,4.935,5.293,4.935,5.723s0.604,0.936,0.906,0.838c0.302-0.1,1.099-0.094,1.567,0.07
                            	c0.469,0.166,3.914,0.332,2.816,3.244c-0.348,0.926-1.873,0.77-2.279,2.303c-0.061,0.225-0.272,1.186-0.285,1.5
                            	c-0.025,0.486,0.344,2.318-0.125,2.318c-0.471,0-1.738-1.639-1.738-1.936c0-0.297-0.328-1.338-0.328-2.23
                            	c0-0.891-1.518-0.877-1.518-2.062c0-1.068,0.823-1.6,0.638-2.113c-0.181-0.51-1.627-0.527-2.23-0.59
                            	C3.412,4.334,5.889,2.307,8.875,1.893z M7.424,17.77c0.492-0.26,0.542-0.596,0.988-0.613c0.51-0.023,0.925-0.199,1.5-0.326
                            	c0.51-0.111,1.423-0.629,2.226-0.695c0.678-0.055,2.015,0.035,2.375,0.689c-1.295,0.861-2.848,1.363-4.514,1.363
                            	C9.1,18.188,8.234,18.039,7.424,17.77z",
                                              },
                                              "name": "path",
                                            },
                                          ],
                                          "viewBox": "0 0 20 20",
                                        }
              }
              size={20}
/>,
            " Planets",
          ],
          "className": "planets-button",
          "onClick": [Function],
        },
        "ref": null,
        "rendered": Array [
          Object {
            "instance": null,
            "key": undefined,
            "nodeType": "function",
            "props": Object {
              "fill": "currentColor",
              "icon": Object {
                "children": Array [
                  Object {
                    "attribs": Object {
                      "d": "M10,0.4c-5.295,0-9.601,4.307-9.601,9.6c0,5.293,4.306,9.6,9.601,9.6c5.293,0,9.6-4.307,9.6-9.6
	C19.6,4.707,15.293,0.4,10,0.4z M18.188,10c0,1.873-0.636,3.6-1.696,4.98c-0.3-0.234-0.619-0.867-0.319-1.523
	c0.303-0.66,0.382-2.188,0.312-2.783c-0.066-0.594-0.375-2.025-1.214-2.039c-0.838-0.012-1.413-0.289-1.911-1.283
	c-1.033-2.068,1.939-2.465,0.906-3.609c-0.289-0.322-1.783,1.322-2.002-0.869C12.25,2.717,12.399,2.482,12.6,2.238
	C15.844,3.328,18.188,6.395,18.188,10z M8.875,1.893C8.679,2.275,8.162,2.43,7.848,2.717C7.164,3.336,6.87,3.25,6.502,3.844
	C6.131,4.438,4.935,5.293,4.935,5.723s0.604,0.936,0.906,0.838c0.302-0.1,1.099-0.094,1.567,0.07
	c0.469,0.166,3.914,0.332,2.816,3.244c-0.348,0.926-1.873,0.77-2.279,2.303c-0.061,0.225-0.272,1.186-0.285,1.5
	c-0.025,0.486,0.344,2.318-0.125,2.318c-0.471,0-1.738-1.639-1.738-1.936c0-0.297-0.328-1.338-0.328-2.23
	c0-0.891-1.518-0.877-1.518-2.062c0-1.068,0.823-1.6,0.638-2.113c-0.181-0.51-1.627-0.527-2.23-0.59
	C3.412,4.334,5.889,2.307,8.875,1.893z M7.424,17.77c0.492-0.26,0.542-0.596,0.988-0.613c0.51-0.023,0.925-0.199,1.5-0.326
	c0.51-0.111,1.423-0.629,2.226-0.695c0.678-0.055,2.015,0.035,2.375,0.689c-1.295,0.861-2.848,1.363-4.514,1.363
	C9.1,18.188,8.234,18.039,7.424,17.77z",
                    },
                    "name": "path",
                  },
                ],
                "viewBox": "0 0 20 20",
              },
              "size": 20,
            },
            "ref": null,
            "rendered": null,
            "type": [Function],
          },
          " Planets",
        ],
        "type": "button",
      },
      Object {
        "instance": null,
        "key": undefined,
        "nodeType": "host",
        "props": Object {
          "children": Array [
            <Icon
              fill="currentColor"
              icon={
                            Object {
                                          "children": Array [
                                            Object {
                                              "attribs": Object {
                                                "d": "M12.496,17.414c-0.394-1.096-1.805-4.775-2.39-6.297c-1.103,0.737-2.334,1.435-3.512,1.928
                            	c-0.366,1.28-1.094,3.709-1.446,4.033c-0.604,0.557-0.832,0.485-0.925-0.279c-0.093-0.764-0.485-3.236-0.485-3.236
                            	s-2.162-1.219-2.84-1.568s-0.667-0.591,0.057-0.974c0.422-0.223,2.927-0.085,4.242,0.005c0.861-0.951,1.931-1.882,2.993-2.679
                            	C6.975,7.271,4.04,4.672,3.156,3.923C2.38,3.265,3.235,3.126,3.235,3.126c0.39-0.07,1.222-0.132,1.628-0.009
                            	c2.524,0.763,6.442,2.068,7.363,2.376c0.353-0.249,0.737-0.52,1.162-0.821c4.702-3.33,5.887-2.593,6.111-2.27
                            	s0.503,1.701-4.199,5.032c-0.425,0.301-0.808,0.573-1.16,0.823c-0.029,0.98-0.157,5.151-0.311,7.811
                            	c-0.025,0.428-0.367,1.198-0.565,1.544C13.263,17.612,12.841,18.377,12.496,17.414z",
                                              },
                                              "name": "path",
                                            },
                                          ],
                                          "viewBox": "0 0 20 20",
                                        }
              }
              size={20}
/>,
            " Vehicles",
          ],
          "className": "vehicles-button",
          "onClick": [Function],
        },
        "ref": null,
        "rendered": Array [
          Object {
            "instance": null,
            "key": undefined,
            "nodeType": "function",
            "props": Object {
              "fill": "currentColor",
              "icon": Object {
                "children": Array [
                  Object {
                    "attribs": Object {
                      "d": "M12.496,17.414c-0.394-1.096-1.805-4.775-2.39-6.297c-1.103,0.737-2.334,1.435-3.512,1.928
	c-0.366,1.28-1.094,3.709-1.446,4.033c-0.604,0.557-0.832,0.485-0.925-0.279c-0.093-0.764-0.485-3.236-0.485-3.236
	s-2.162-1.219-2.84-1.568s-0.667-0.591,0.057-0.974c0.422-0.223,2.927-0.085,4.242,0.005c0.861-0.951,1.931-1.882,2.993-2.679
	C6.975,7.271,4.04,4.672,3.156,3.923C2.38,3.265,3.235,3.126,3.235,3.126c0.39-0.07,1.222-0.132,1.628-0.009
	c2.524,0.763,6.442,2.068,7.363,2.376c0.353-0.249,0.737-0.52,1.162-0.821c4.702-3.33,5.887-2.593,6.111-2.27
	s0.503,1.701-4.199,5.032c-0.425,0.301-0.808,0.573-1.16,0.823c-0.029,0.98-0.157,5.151-0.311,7.811
	c-0.025,0.428-0.367,1.198-0.565,1.544C13.263,17.612,12.841,18.377,12.496,17.414z",
                    },
                    "name": "path",
                  },
                ],
                "viewBox": "0 0 20 20",
              },
              "size": 20,
            },
            "ref": null,
            "rendered": null,
            "type": [Function],
          },
          " Vehicles",
        ],
        "type": "button",
      },
      Object {
        "instance": null,
        "key": undefined,
        "nodeType": "host",
        "props": Object {
          "children": Array [
            <Icon
              fill="currentColor"
              icon={
                            Object {
                                          "children": Array [
                                            Object {
                                              "attribs": Object {
                                                "d": "M16 6.204l-5.528-0.803-2.472-5.009-2.472 5.009-5.528 0.803 4 3.899-0.944 5.505 4.944-2.599 4.944 2.599-0.944-5.505 4-3.899z",
                                                "fill": "#000000",
                                              },
                                              "name": "path",
                                            },
                                          ],
                                          "viewBox": "0 0 16 16",
                                        }
              }
              size={20}
/>,
            " Favorites ",
            <span
              className="favorites-number"
>
              1
</span>,
          ],
          "className": "favorites-button",
          "onClick": [Function],
        },
        "ref": null,
        "rendered": Array [
          Object {
            "instance": null,
            "key": undefined,
            "nodeType": "function",
            "props": Object {
              "fill": "currentColor",
              "icon": Object {
                "children": Array [
                  Object {
                    "attribs": Object {
                      "d": "M16 6.204l-5.528-0.803-2.472-5.009-2.472 5.009-5.528 0.803 4 3.899-0.944 5.505 4.944-2.599 4.944 2.599-0.944-5.505 4-3.899z",
                      "fill": "#000000",
                    },
                    "name": "path",
                  },
                ],
                "viewBox": "0 0 16 16",
              },
              "size": 20,
            },
            "ref": null,
            "rendered": null,
            "type": [Function],
          },
          " Favorites ",
          Object {
            "instance": null,
            "key": undefined,
            "nodeType": "host",
            "props": Object {
              "children": 1,
              "className": "favorites-number",
            },
            "ref": null,
            "rendered": 1,
            "type": "span",
          },
        ],
        "type": "button",
      },
    ],
    "type": "div",
  },
  Symbol(enzyme.__nodes__): Array [
    Object {
      "instance": null,
      "key": undefined,
      "nodeType": "host",
      "props": Object {
        "children": Array [
          <button
            className="people-button"
            onClick={[Function]}
>
            <Icon
                        fill="currentColor"
                        icon={
                                    Object {
                                                "children": Array [
                                                  Object {
                                                    "attribs": Object {
                                                      "d": "M9 11.041v-0.825c1.102-0.621 2-2.168 2-3.716 0-2.485 0-4.5-3-4.5s-3 2.015-3 4.5c0 1.548 0.898 3.095 2 3.716v0.825c-3.392 0.277-6 1.944-6 3.959h14c0-2.015-2.608-3.682-6-3.959z",
                                                      "fill": "#000000",
                                                    },
                                                    "name": "path",
                                                  },
                                                ],
                                                "viewBox": "0 0 16 16",
                                              }
                        }
                        size={20}
            />
             People
</button>,
          <button
            className="planets-button"
            onClick={[Function]}
>
            <Icon
                        fill="currentColor"
                        icon={
                                    Object {
                                                "children": Array [
                                                  Object {
                                                    "attribs": Object {
                                                      "d": "M10,0.4c-5.295,0-9.601,4.307-9.601,9.6c0,5.293,4.306,9.6,9.601,9.6c5.293,0,9.6-4.307,9.6-9.6
                                    	C19.6,4.707,15.293,0.4,10,0.4z M18.188,10c0,1.873-0.636,3.6-1.696,4.98c-0.3-0.234-0.619-0.867-0.319-1.523
                                    	c0.303-0.66,0.382-2.188,0.312-2.783c-0.066-0.594-0.375-2.025-1.214-2.039c-0.838-0.012-1.413-0.289-1.911-1.283
                                    	c-1.033-2.068,1.939-2.465,0.906-3.609c-0.289-0.322-1.783,1.322-2.002-0.869C12.25,2.717,12.399,2.482,12.6,2.238
                                    	C15.844,3.328,18.188,6.395,18.188,10z M8.875,1.893C8.679,2.275,8.162,2.43,7.848,2.717C7.164,3.336,6.87,3.25,6.502,3.844
                                    	C6.131,4.438,4.935,5.293,4.935,5.723s0.604,0.936,0.906,0.838c0.302-0.1,1.099-0.094,1.567,0.07
                                    	c0.469,0.166,3.914,0.332,2.816,3.244c-0.348,0.926-1.873,0.77-2.279,2.303c-0.061,0.225-0.272,1.186-0.285,1.5
                                    	c-0.025,0.486,0.344,2.318-0.125,2.318c-0.471,0-1.738-1.639-1.738-1.936c0-0.297-0.328-1.338-0.328-2.23
                                    	c0-0.891-1.518-0.877-1.518-2.062c0-1.068,0.823-1.6,0.638-2.113c-0.181-0.51-1.627-0.527-2.23-0.59
                                    	C3.412,4.334,5.889,2.307,8.875,1.893z M7.424,17.77c0.492-0.26,0.542-0.596,0.988-0.613c0.51-0.023,0.925-0.199,1.5-0.326
                                    	c0.51-0.111,1.423-0.629,2.226-0.695c0.678-0.055,2.015,0.035,2.375,0.689c-1.295,0.861-2.848,1.363-4.514,1.363
                                    	C9.1,18.188,8.234,18.039,7.424,17.77z",
                                                    },
                                                    "name": "path",
                                                  },
                                                ],
                                                "viewBox": "0 0 20 20",
                                              }
                        }
                        size={20}
            />
             Planets
</button>,
          <button
            className="vehicles-button"
            onClick={[Function]}
>
            <Icon
                        fill="currentColor"
                        icon={
                                    Object {
                                                "children": Array [
                                                  Object {
                                                    "attribs": Object {
                                                      "d": "M12.496,17.414c-0.394-1.096-1.805-4.775-2.39-6.297c-1.103,0.737-2.334,1.435-3.512,1.928
                                    	c-0.366,1.28-1.094,3.709-1.446,4.033c-0.604,0.557-0.832,0.485-0.925-0.279c-0.093-0.764-0.485-3.236-0.485-3.236
                                    	s-2.162-1.219-2.84-1.568s-0.667-0.591,0.057-0.974c0.422-0.223,2.927-0.085,4.242,0.005c0.861-0.951,1.931-1.882,2.993-2.679
                                    	C6.975,7.271,4.04,4.672,3.156,3.923C2.38,3.265,3.235,3.126,3.235,3.126c0.39-0.07,1.222-0.132,1.628-0.009
                                    	c2.524,0.763,6.442,2.068,7.363,2.376c0.353-0.249,0.737-0.52,1.162-0.821c4.702-3.33,5.887-2.593,6.111-2.27
                                    	s0.503,1.701-4.199,5.032c-0.425,0.301-0.808,0.573-1.16,0.823c-0.029,0.98-0.157,5.151-0.311,7.811
                                    	c-0.025,0.428-0.367,1.198-0.565,1.544C13.263,17.612,12.841,18.377,12.496,17.414z",
                                                    },
                                                    "name": "path",
                                                  },
                                                ],
                                                "viewBox": "0 0 20 20",
                                              }
                        }
                        size={20}
            />
             Vehicles
</button>,
          <button
            className="favorites-button"
            onClick={[Function]}
>
            <Icon
                        fill="currentColor"
                        icon={
                                    Object {
                                                "children": Array [
                                                  Object {
                                                    "attribs": Object {
                                                      "d": "M16 6.204l-5.528-0.803-2.472-5.009-2.472 5.009-5.528 0.803 4 3.899-0.944 5.505 4.944-2.599 4.944 2.599-0.944-5.505 4-3.899z",
                                                      "fill": "#000000",
                                                    },
                                                    "name": "path",
                                                  },
                                                ],
                                                "viewBox": "0 0 16 16",
                                              }
                        }
                        size={20}
            />
             Favorites 
            <span
                        className="favorites-number"
            >
                        1
            </span>
</button>,
        ],
        "className": "nav",
      },
      "ref": null,
      "rendered": Array [
        Object {
          "instance": null,
          "key": undefined,
          "nodeType": "host",
          "props": Object {
            "children": Array [
              <Icon
                fill="currentColor"
                icon={
                                Object {
                                                "children": Array [
                                                  Object {
                                                    "attribs": Object {
                                                      "d": "M9 11.041v-0.825c1.102-0.621 2-2.168 2-3.716 0-2.485 0-4.5-3-4.5s-3 2.015-3 4.5c0 1.548 0.898 3.095 2 3.716v0.825c-3.392 0.277-6 1.944-6 3.959h14c0-2.015-2.608-3.682-6-3.959z",
                                                      "fill": "#000000",
                                                    },
                                                    "name": "path",
                                                  },
                                                ],
                                                "viewBox": "0 0 16 16",
                                              }
                }
                size={20}
/>,
              " People",
            ],
            "className": "people-button",
            "onClick": [Function],
          },
          "ref": null,
          "rendered": Array [
            Object {
              "instance": null,
              "key": undefined,
              "nodeType": "function",
              "props": Object {
                "fill": "currentColor",
                "icon": Object {
                  "children": Array [
                    Object {
                      "attribs": Object {
                        "d": "M9 11.041v-0.825c1.102-0.621 2-2.168 2-3.716 0-2.485 0-4.5-3-4.5s-3 2.015-3 4.5c0 1.548 0.898 3.095 2 3.716v0.825c-3.392 0.277-6 1.944-6 3.959h14c0-2.015-2.608-3.682-6-3.959z",
                        "fill": "#000000",
                      },
                      "name": "path",
                    },
                  ],
                  "viewBox": "0 0 16 16",
                },
                "size": 20,
              },
              "ref": null,
              "rendered": null,
              "type": [Function],
            },
            " People",
          ],
          "type": "button",
        },
        Object {
          "instance": null,
          "key": undefined,
          "nodeType": "host",
          "props": Object {
            "children": Array [
              <Icon
                fill="currentColor"
                icon={
                                Object {
                                                "children": Array [
                                                  Object {
                                                    "attribs": Object {
                                                      "d": "M10,0.4c-5.295,0-9.601,4.307-9.601,9.6c0,5.293,4.306,9.6,9.601,9.6c5.293,0,9.6-4.307,9.6-9.6
                                	C19.6,4.707,15.293,0.4,10,0.4z M18.188,10c0,1.873-0.636,3.6-1.696,4.98c-0.3-0.234-0.619-0.867-0.319-1.523
                                	c0.303-0.66,0.382-2.188,0.312-2.783c-0.066-0.594-0.375-2.025-1.214-2.039c-0.838-0.012-1.413-0.289-1.911-1.283
                                	c-1.033-2.068,1.939-2.465,0.906-3.609c-0.289-0.322-1.783,1.322-2.002-0.869C12.25,2.717,12.399,2.482,12.6,2.238
                                	C15.844,3.328,18.188,6.395,18.188,10z M8.875,1.893C8.679,2.275,8.162,2.43,7.848,2.717C7.164,3.336,6.87,3.25,6.502,3.844
                                	C6.131,4.438,4.935,5.293,4.935,5.723s0.604,0.936,0.906,0.838c0.302-0.1,1.099-0.094,1.567,0.07
                                	c0.469,0.166,3.914,0.332,2.816,3.244c-0.348,0.926-1.873,0.77-2.279,2.303c-0.061,0.225-0.272,1.186-0.285,1.5
                                	c-0.025,0.486,0.344,2.318-0.125,2.318c-0.471,0-1.738-1.639-1.738-1.936c0-0.297-0.328-1.338-0.328-2.23
                                	c0-0.891-1.518-0.877-1.518-2.062c0-1.068,0.823-1.6,0.638-2.113c-0.181-0.51-1.627-0.527-2.23-0.59
                                	C3.412,4.334,5.889,2.307,8.875,1.893z M7.424,17.77c0.492-0.26,0.542-0.596,0.988-0.613c0.51-0.023,0.925-0.199,1.5-0.326
                                	c0.51-0.111,1.423-0.629,2.226-0.695c0.678-0.055,2.015,0.035,2.375,0.689c-1.295,0.861-2.848,1.363-4.514,1.363
                                	C9.1,18.188,8.234,18.039,7.424,17.77z",
                                                    },
                                                    "name": "path",
                                                  },
                                                ],
                                                "viewBox": "0 0 20 20",
                                              }
                }
                size={20}
/>,
              " Planets",
            ],
            "className": "planets-button",
            "onClick": [Function],
          },
          "ref": null,
          "rendered": Array [
            Object {
              "instance": null,
              "key": undefined,
              "nodeType": "function",
              "props": Object {
                "fill": "currentColor",
                "icon": Object {
                  "children": Array [
                    Object {
                      "attribs": Object {
                        "d": "M10,0.4c-5.295,0-9.601,4.307-9.601,9.6c0,5.293,4.306,9.6,9.601,9.6c5.293,0,9.6-4.307,9.6-9.6
	C19.6,4.707,15.293,0.4,10,0.4z M18.188,10c0,1.873-0.636,3.6-1.696,4.98c-0.3-0.234-0.619-0.867-0.319-1.523
	c0.303-0.66,0.382-2.188,0.312-2.783c-0.066-0.594-0.375-2.025-1.214-2.039c-0.838-0.012-1.413-0.289-1.911-1.283
	c-1.033-2.068,1.939-2.465,0.906-3.609c-0.289-0.322-1.783,1.322-2.002-0.869C12.25,2.717,12.399,2.482,12.6,2.238
	C15.844,3.328,18.188,6.395,18.188,10z M8.875,1.893C8.679,2.275,8.162,2.43,7.848,2.717C7.164,3.336,6.87,3.25,6.502,3.844
	C6.131,4.438,4.935,5.293,4.935,5.723s0.604,0.936,0.906,0.838c0.302-0.1,1.099-0.094,1.567,0.07
	c0.469,0.166,3.914,0.332,2.816,3.244c-0.348,0.926-1.873,0.77-2.279,2.303c-0.061,0.225-0.272,1.186-0.285,1.5
	c-0.025,0.486,0.344,2.318-0.125,2.318c-0.471,0-1.738-1.639-1.738-1.936c0-0.297-0.328-1.338-0.328-2.23
	c0-0.891-1.518-0.877-1.518-2.062c0-1.068,0.823-1.6,0.638-2.113c-0.181-0.51-1.627-0.527-2.23-0.59
	C3.412,4.334,5.889,2.307,8.875,1.893z M7.424,17.77c0.492-0.26,0.542-0.596,0.988-0.613c0.51-0.023,0.925-0.199,1.5-0.326
	c0.51-0.111,1.423-0.629,2.226-0.695c0.678-0.055,2.015,0.035,2.375,0.689c-1.295,0.861-2.848,1.363-4.514,1.363
	C9.1,18.188,8.234,18.039,7.424,17.77z",
                      },
                      "name": "path",
                    },
                  ],
                  "viewBox": "0 0 20 20",
                },
                "size": 20,
              },
              "ref": null,
              "rendered": null,
              "type": [Function],
            },
            " Planets",
          ],
          "type": "button",
        },
        Object {
          "instance": null,
          "key": undefined,
          "nodeType": "host",
          "props": Object {
            "children": Array [
              <Icon
                fill="currentColor"
                icon={
                                Object {
                                                "children": Array [
                                                  Object {
                                                    "attribs": Object {
                                                      "d": "M12.496,17.414c-0.394-1.096-1.805-4.775-2.39-6.297c-1.103,0.737-2.334,1.435-3.512,1.928
                                	c-0.366,1.28-1.094,3.709-1.446,4.033c-0.604,0.557-0.832,0.485-0.925-0.279c-0.093-0.764-0.485-3.236-0.485-3.236
                                	s-2.162-1.219-2.84-1.568s-0.667-0.591,0.057-0.974c0.422-0.223,2.927-0.085,4.242,0.005c0.861-0.951,1.931-1.882,2.993-2.679
                                	C6.975,7.271,4.04,4.672,3.156,3.923C2.38,3.265,3.235,3.126,3.235,3.126c0.39-0.07,1.222-0.132,1.628-0.009
                                	c2.524,0.763,6.442,2.068,7.363,2.376c0.353-0.249,0.737-0.52,1.162-0.821c4.702-3.33,5.887-2.593,6.111-2.27
                                	s0.503,1.701-4.199,5.032c-0.425,0.301-0.808,0.573-1.16,0.823c-0.029,0.98-0.157,5.151-0.311,7.811
                                	c-0.025,0.428-0.367,1.198-0.565,1.544C13.263,17.612,12.841,18.377,12.496,17.414z",
                                                    },
                                                    "name": "path",
                                                  },
                                                ],
                                                "viewBox": "0 0 20 20",
                                              }
                }
                size={20}
/>,
              " Vehicles",
            ],
            "className": "vehicles-button",
            "onClick": [Function],
          },
          "ref": null,
          "rendered": Array [
            Object {
              "instance": null,
              "key": undefined,
              "nodeType": "function",
              "props": Object {
                "fill": "currentColor",
                "icon": Object {
                  "children": Array [
                    Object {
                      "attribs": Object {
                        "d": "M12.496,17.414c-0.394-1.096-1.805-4.775-2.39-6.297c-1.103,0.737-2.334,1.435-3.512,1.928
	c-0.366,1.28-1.094,3.709-1.446,4.033c-0.604,0.557-0.832,0.485-0.925-0.279c-0.093-0.764-0.485-3.236-0.485-3.236
	s-2.162-1.219-2.84-1.568s-0.667-0.591,0.057-0.974c0.422-0.223,2.927-0.085,4.242,0.005c0.861-0.951,1.931-1.882,2.993-2.679
	C6.975,7.271,4.04,4.672,3.156,3.923C2.38,3.265,3.235,3.126,3.235,3.126c0.39-0.07,1.222-0.132,1.628-0.009
	c2.524,0.763,6.442,2.068,7.363,2.376c0.353-0.249,0.737-0.52,1.162-0.821c4.702-3.33,5.887-2.593,6.111-2.27
	s0.503,1.701-4.199,5.032c-0.425,0.301-0.808,0.573-1.16,0.823c-0.029,0.98-0.157,5.151-0.311,7.811
	c-0.025,0.428-0.367,1.198-0.565,1.544C13.263,17.612,12.841,18.377,12.496,17.414z",
                      },
                      "name": "path",
                    },
                  ],
                  "viewBox": "0 0 20 20",
                },
                "size": 20,
              },
              "ref": null,
              "rendered": null,
              "type": [Function],
            },
            " Vehicles",
          ],
          "type": "button",
        },
        Object {
          "instance": null,
          "key": undefined,
          "nodeType": "host",
          "props": Object {
            "children": Array [
              <Icon
                fill="currentColor"
                icon={
                                Object {
                                                "children": Array [
                                                  Object {
                                                    "attribs": Object {
                                                      "d": "M16 6.204l-5.528-0.803-2.472-5.009-2.472 5.009-5.528 0.803 4 3.899-0.944 5.505 4.944-2.599 4.944 2.599-0.944-5.505 4-3.899z",
                                                      "fill": "#000000",
                                                    },
                                                    "name": "path",
                                                  },
                                                ],
                                                "viewBox": "0 0 16 16",
                                              }
                }
                size={20}
/>,
              " Favorites ",
              <span
                className="favorites-number"
>
                1
</span>,
            ],
            "className": "favorites-button",
            "onClick": [Function],
          },
          "ref": null,
          "rendered": Array [
            Object {
              "instance": null,
              "key": undefined,
              "nodeType": "function",
              "props": Object {
                "fill": "currentColor",
                "icon": Object {
                  "children": Array [
                    Object {
                      "attribs": Object {
                        "d": "M16 6.204l-5.528-0.803-2.472-5.009-2.472 5.009-5.528 0.803 4 3.899-0.944 5.505 4.944-2.599 4.944 2.599-0.944-5.505 4-3.899z",
                        "fill": "#000000",
                      },
                      "name": "path",
                    },
                  ],
                  "viewBox": "0 0 16 16",
                },
                "size": 20,
              },
              "ref": null,
              "rendered": null,
              "type": [Function],
            },
            " Favorites ",
            Object {
              "instance": null,
              "key": undefined,
              "nodeType": "host",
              "props": Object {
                "children": 1,
                "className": "favorites-number",
              },
              "ref": null,
              "rendered": 1,
              "type": "span",
            },
          ],
          "type": "button",
        },
      ],
      "type": "div",
    },
  ],
  Symbol(enzyme.__options__): Object {
    "adapter": ReactSixteenAdapter {
      "options": Object {
        "enableComponentDidUpdateOnSetState": true,
      },
    },
  },
}
`;
