// Jest Snapshot v1, https://goo.gl/fbAQLP

exports[`Summary should match the snapshot 1`] = `
ShallowWrapper {
  "length": 1,
  Symbol(enzyme.__root__): [Circular],
  Symbol(enzyme.__unrendered__): <Summary
    film={
        Object {
            "date": "1983-05-25",
            "episode": 6,
            "text": "Luke Skywalker has returned to
        his home planet of Tatooine",
            "title": "Return of the Jedi",
          }
    }
/>,
  Symbol(enzyme.__renderer__): Object {
    "batchedUpdates": [Function],
    "getNode": [Function],
    "render": [Function],
    "simulateEvent": [Function],
    "unmount": [Function],
  },
  Symbol(enzyme.__node__): Object {
    "instance": null,
    "key": undefined,
    "nodeType": "host",
    "props": Object {
      "children": <div
        className="fade"
>
        <section
                className="star-wars"
        >
                <div
                        className="crawl"
                >
                        <div
                                className="title"
                        >
                                <p>
                                        Episode 
                                        6
                                </p>
                                <h1>
                                        Return of the Jedi
                                </h1>
                        </div>
                        <p>
                                Luke Skywalker has returned to
                                his home planet of Tatooine
                        </p>
                </div>
        </section>
</div>,
      "className": "summary",
    },
    "ref": null,
    "rendered": Object {
      "instance": null,
      "key": undefined,
      "nodeType": "host",
      "props": Object {
        "children": <section
          className="star-wars"
>
          <div
                    className="crawl"
          >
                    <div
                              className="title"
                    >
                              <p>
                                        Episode 
                                        6
                              </p>
                              <h1>
                                        Return of the Jedi
                              </h1>
                    </div>
                    <p>
                              Luke Skywalker has returned to
                              his home planet of Tatooine
                    </p>
          </div>
</section>,
        "className": "fade",
      },
      "ref": null,
      "rendered": Object {
        "instance": null,
        "key": undefined,
        "nodeType": "host",
        "props": Object {
          "children": <div
            className="crawl"
>
            <div
                        className="title"
            >
                        <p>
                                    Episode 
                                    6
                        </p>
                        <h1>
                                    Return of the Jedi
                        </h1>
            </div>
            <p>
                        Luke Skywalker has returned to
                        his home planet of Tatooine
            </p>
</div>,
          "className": "star-wars",
        },
        "ref": null,
        "rendered": Object {
          "instance": null,
          "key": undefined,
          "nodeType": "host",
          "props": Object {
            "children": Array [
              <div
                className="title"
>
                <p>
                                Episode 
                                6
                </p>
                <h1>
                                Return of the Jedi
                </h1>
</div>,
              <p>
                Luke Skywalker has returned to
                his home planet of Tatooine
</p>,
            ],
            "className": "crawl",
          },
          "ref": null,
          "rendered": Array [
            Object {
              "instance": null,
              "key": undefined,
              "nodeType": "host",
              "props": Object {
                "children": Array [
                  <p>
                    Episode 
                    6
</p>,
                  <h1>
                    Return of the Jedi
</h1>,
                ],
                "className": "title",
              },
              "ref": null,
              "rendered": Array [
                Object {
                  "instance": null,
                  "key": undefined,
                  "nodeType": "host",
                  "props": Object {
                    "children": Array [
                      "Episode ",
                      6,
                    ],
                  },
                  "ref": null,
                  "rendered": Array [
                    "Episode ",
                    6,
                  ],
                  "type": "p",
                },
                Object {
                  "instance": null,
                  "key": undefined,
                  "nodeType": "host",
                  "props": Object {
                    "children": "Return of the Jedi",
                  },
                  "ref": null,
                  "rendered": "Return of the Jedi",
                  "type": "h1",
                },
              ],
              "type": "div",
            },
            Object {
              "instance": null,
              "key": undefined,
              "nodeType": "host",
              "props": Object {
                "children": "Luke Skywalker has returned to
his home planet of Tatooine",
              },
              "ref": null,
              "rendered": "Luke Skywalker has returned to
his home planet of Tatooine",
              "type": "p",
            },
          ],
          "type": "div",
        },
        "type": "section",
      },
      "type": "div",
    },
    "type": "div",
  },
  Symbol(enzyme.__nodes__): Array [
    Object {
      "instance": null,
      "key": undefined,
      "nodeType": "host",
      "props": Object {
        "children": <div
          className="fade"
>
          <section
                    className="star-wars"
          >
                    <div
                              className="crawl"
                    >
                              <div
                                        className="title"
                              >
                                        <p>
                                                  Episode 
                                                  6
                                        </p>
                                        <h1>
                                                  Return of the Jedi
                                        </h1>
                              </div>
                              <p>
                                        Luke Skywalker has returned to
                                        his home planet of Tatooine
                              </p>
                    </div>
          </section>
</div>,
        "className": "summary",
      },
      "ref": null,
      "rendered": Object {
        "instance": null,
        "key": undefined,
        "nodeType": "host",
        "props": Object {
          "children": <section
            className="star-wars"
>
            <div
                        className="crawl"
            >
                        <div
                                    className="title"
                        >
                                    <p>
                                                Episode 
                                                6
                                    </p>
                                    <h1>
                                                Return of the Jedi
                                    </h1>
                        </div>
                        <p>
                                    Luke Skywalker has returned to
                                    his home planet of Tatooine
                        </p>
            </div>
</section>,
          "className": "fade",
        },
        "ref": null,
        "rendered": Object {
          "instance": null,
          "key": undefined,
          "nodeType": "host",
          "props": Object {
            "children": <div
              className="crawl"
>
              <div
                            className="title"
              >
                            <p>
                                          Episode 
                                          6
                            </p>
                            <h1>
                                          Return of the Jedi
                            </h1>
              </div>
              <p>
                            Luke Skywalker has returned to
                            his home planet of Tatooine
              </p>
</div>,
            "className": "star-wars",
          },
          "ref": null,
          "rendered": Object {
            "instance": null,
            "key": undefined,
            "nodeType": "host",
            "props": Object {
              "children": Array [
                <div
                  className="title"
>
                  <p>
                                    Episode 
                                    6
                  </p>
                  <h1>
                                    Return of the Jedi
                  </h1>
</div>,
                <p>
                  Luke Skywalker has returned to
                  his home planet of Tatooine
</p>,
              ],
              "className": "crawl",
            },
            "ref": null,
            "rendered": Array [
              Object {
                "instance": null,
                "key": undefined,
                "nodeType": "host",
                "props": Object {
                  "children": Array [
                    <p>
                      Episode 
                      6
</p>,
                    <h1>
                      Return of the Jedi
</h1>,
                  ],
                  "className": "title",
                },
                "ref": null,
                "rendered": Array [
                  Object {
                    "instance": null,
                    "key": undefined,
                    "nodeType": "host",
                    "props": Object {
                      "children": Array [
                        "Episode ",
                        6,
                      ],
                    },
                    "ref": null,
                    "rendered": Array [
                      "Episode ",
                      6,
                    ],
                    "type": "p",
                  },
                  Object {
                    "instance": null,
                    "key": undefined,
                    "nodeType": "host",
                    "props": Object {
                      "children": "Return of the Jedi",
                    },
                    "ref": null,
                    "rendered": "Return of the Jedi",
                    "type": "h1",
                  },
                ],
                "type": "div",
              },
              Object {
                "instance": null,
                "key": undefined,
                "nodeType": "host",
                "props": Object {
                  "children": "Luke Skywalker has returned to
his home planet of Tatooine",
                },
                "ref": null,
                "rendered": "Luke Skywalker has returned to
his home planet of Tatooine",
                "type": "p",
              },
            ],
            "type": "div",
          },
          "type": "section",
        },
        "type": "div",
      },
      "type": "div",
    },
  ],
  Symbol(enzyme.__options__): Object {
    "adapter": ReactSixteenAdapter {
      "options": Object {
        "enableComponentDidUpdateOnSetState": true,
      },
    },
  },
}
`;
